official-source-replay	Set up job	﻿2026-07-30T11:35:29.6877810Z Current runner version: '2.336.0'
official-source-replay	Set up job	2026-07-30T11:35:29.6904729Z ##[group]Runner Image Provisioner
official-source-replay	Set up job	2026-07-30T11:35:29.6905586Z Hosted Compute Agent
official-source-replay	Set up job	2026-07-30T11:35:29.6906229Z Version: 20260707.563
official-source-replay	Set up job	2026-07-30T11:35:29.6907019Z Commit: 02667638d2b423fbc733a8e32a88b44996a3ba6e
official-source-replay	Set up job	2026-07-30T11:35:29.6907793Z Build Date: 2026-07-07T19:33:50Z
official-source-replay	Set up job	2026-07-30T11:35:29.6908557Z Worker ID: {35eeb4a6-6751-4427-bbe3-fd3ffd57e96e}
official-source-replay	Set up job	2026-07-30T11:35:29.6909289Z Azure Region: centralus
official-source-replay	Set up job	2026-07-30T11:35:29.6909882Z ##[endgroup]
official-source-replay	Set up job	2026-07-30T11:35:29.6912370Z ##[group]Operating System
official-source-replay	Set up job	2026-07-30T11:35:29.6913070Z Ubuntu
official-source-replay	Set up job	2026-07-30T11:35:29.6913574Z 24.04.4
official-source-replay	Set up job	2026-07-30T11:35:29.6914185Z LTS
official-source-replay	Set up job	2026-07-30T11:35:29.6914787Z ##[endgroup]
official-source-replay	Set up job	2026-07-30T11:35:29.6915369Z ##[group]Runner Image
official-source-replay	Set up job	2026-07-30T11:35:29.6916035Z Image: ubuntu-24.04
official-source-replay	Set up job	2026-07-30T11:35:29.6916599Z Version: 20260720.247.2
official-source-replay	Set up job	2026-07-30T11:35:29.6917723Z Included Software: https://github.com/actions/runner-images/blob/ubuntu24/20260720.247/images/ubuntu/Ubuntu2404-Readme.md
official-source-replay	Set up job	2026-07-30T11:35:29.6919496Z Image Release: https://github.com/actions/runner-images/releases/tag/ubuntu24%2F20260720.247
official-source-replay	Set up job	2026-07-30T11:35:29.6920490Z ##[endgroup]
official-source-replay	Set up job	2026-07-30T11:35:29.6921601Z ##[group]GITHUB_TOKEN Permissions
official-source-replay	Set up job	2026-07-30T11:35:29.6924133Z Contents: read
official-source-replay	Set up job	2026-07-30T11:35:29.6924760Z Metadata: read
official-source-replay	Set up job	2026-07-30T11:35:29.6925444Z ##[endgroup]
official-source-replay	Set up job	2026-07-30T11:35:29.6927749Z Secret source: Actions
official-source-replay	Set up job	2026-07-30T11:35:29.6929145Z Prepare workflow directory
official-source-replay	Set up job	2026-07-30T11:35:29.7272461Z Prepare all required actions
official-source-replay	Set up job	2026-07-30T11:35:29.7324875Z Getting action download info
official-source-replay	Set up job	2026-07-30T11:35:30.0034238Z Download action repository 'actions/checkout@93cb6efe18208431cddfb8368fd83d5badbf9bfd' (SHA:93cb6efe18208431cddfb8368fd83d5badbf9bfd)
official-source-replay	Set up job	2026-07-30T11:35:30.1744248Z Download action repository 'actions/setup-go@924ae3a1cded613372ab5595356fb5720e22ba16' (SHA:924ae3a1cded613372ab5595356fb5720e22ba16)
official-source-replay	Set up job	2026-07-30T11:35:30.6361157Z Download action repository 'actions/setup-python@ece7cb06caefa5fff74198d8649806c4678c61a1' (SHA:ece7cb06caefa5fff74198d8649806c4678c61a1)
official-source-replay	Set up job	2026-07-30T11:35:30.7408193Z Download action repository 'actions/upload-artifact@ea165f8d65b6e75b540449e92b4886f43607fa02' (SHA:ea165f8d65b6e75b540449e92b4886f43607fa02)
official-source-replay	Set up job	2026-07-30T11:35:31.0364355Z Complete job name: official-source-replay
official-source-replay	Check out exact source commit	﻿2026-07-30T11:35:31.1315957Z ##[group]Run actions/checkout@93cb6efe18208431cddfb8368fd83d5badbf9bfd
official-source-replay	Check out exact source commit	2026-07-30T11:35:31.1317807Z with:
official-source-replay	Check out exact source commit	2026-07-30T11:35:31.1318744Z   ref: 5c7f54b6a81da2bea99adbdd33354abb19c2804a
official-source-replay	Check out exact source commit	2026-07-30T11:35:31.1319968Z   fetch-depth: 0
official-source-replay	Check out exact source commit	2026-07-30T11:35:31.1320890Z   persist-credentials: false
official-source-replay	Check out exact source commit	2026-07-30T11:35:31.1322227Z   repository: hasslelee/flipguard
official-source-replay	Check out exact source commit	2026-07-30T11:35:31.1331116Z   token: ***
official-source-replay	Check out exact source commit	2026-07-30T11:35:31.1332154Z   ssh-strict: true
official-source-replay	Check out exact source commit	2026-07-30T11:35:31.1333046Z   ssh-user: git
official-source-replay	Check out exact source commit	2026-07-30T11:35:31.1333903Z   clean: true
official-source-replay	Check out exact source commit	2026-07-30T11:35:31.1334806Z   sparse-checkout-cone-mode: true
official-source-replay	Check out exact source commit	2026-07-30T11:35:31.1335884Z   fetch-tags: false
official-source-replay	Check out exact source commit	2026-07-30T11:35:31.1336804Z   show-progress: true
official-source-replay	Check out exact source commit	2026-07-30T11:35:31.1337751Z   lfs: false
official-source-replay	Check out exact source commit	2026-07-30T11:35:31.1338589Z   submodules: false
official-source-replay	Check out exact source commit	2026-07-30T11:35:31.1339509Z   set-safe-directory: true
official-source-replay	Check out exact source commit	2026-07-30T11:35:31.1340825Z ##[endgroup]
official-source-replay	Check out exact source commit	2026-07-30T11:35:31.2389765Z Syncing repository: hasslelee/flipguard
official-source-replay	Check out exact source commit	2026-07-30T11:35:31.2394394Z ##[group]Getting Git version info
official-source-replay	Check out exact source commit	2026-07-30T11:35:31.2395965Z Working directory is '/home/runner/work/flipguard/flipguard'
official-source-replay	Check out exact source commit	2026-07-30T11:35:31.2398012Z [command]/usr/bin/git version
official-source-replay	Check out exact source commit	2026-07-30T11:35:31.2477552Z git version 2.54.0
official-source-replay	Check out exact source commit	2026-07-30T11:35:31.2504927Z ##[endgroup]
official-source-replay	Check out exact source commit	2026-07-30T11:35:31.2520582Z Temporarily overriding HOME='/home/runner/work/_temp/26070301-eaea-426b-8a96-e2e5ee64ecbf' before making global git config changes
official-source-replay	Check out exact source commit	2026-07-30T11:35:31.2526081Z Adding repository directory to the temporary git global config as a safe directory
official-source-replay	Check out exact source commit	2026-07-30T11:35:31.2530081Z [command]/usr/bin/git config --global --add safe.directory /home/runner/work/flipguard/flipguard
official-source-replay	Check out exact source commit	2026-07-30T11:35:31.2577834Z Deleting the contents of '/home/runner/work/flipguard/flipguard'
official-source-replay	Check out exact source commit	2026-07-30T11:35:31.2585435Z ##[group]Initializing the repository
official-source-replay	Check out exact source commit	2026-07-30T11:35:31.2589822Z [command]/usr/bin/git init /home/runner/work/flipguard/flipguard
official-source-replay	Check out exact source commit	2026-07-30T11:35:31.2690984Z hint: Using 'master' as the name for the initial branch. This default branch name
official-source-replay	Check out exact source commit	2026-07-30T11:35:31.2694779Z hint: will change to "main" in Git 3.0. To configure the initial branch name
official-source-replay	Check out exact source commit	2026-07-30T11:35:31.2698091Z hint: to use in all of your new repositories, which will suppress this warning,
official-source-replay	Check out exact source commit	2026-07-30T11:35:31.2700664Z hint: call:
official-source-replay	Check out exact source commit	2026-07-30T11:35:31.2702228Z hint:
official-source-replay	Check out exact source commit	2026-07-30T11:35:31.2703946Z hint: 	git config --global init.defaultBranch <name>
official-source-replay	Check out exact source commit	2026-07-30T11:35:31.2706033Z hint:
official-source-replay	Check out exact source commit	2026-07-30T11:35:31.2707948Z hint: Names commonly chosen instead of 'master' are 'main', 'trunk' and
official-source-replay	Check out exact source commit	2026-07-30T11:35:31.2711252Z hint: 'development'. The just-created branch can be renamed via this command:
official-source-replay	Check out exact source commit	2026-07-30T11:35:31.2714450Z hint:
official-source-replay	Check out exact source commit	2026-07-30T11:35:31.2715855Z hint: 	git branch -m <name>
official-source-replay	Check out exact source commit	2026-07-30T11:35:31.2717451Z hint:
official-source-replay	Check out exact source commit	2026-07-30T11:35:31.2719640Z hint: Disable this message with "git config set advice.defaultBranchName false"
official-source-replay	Check out exact source commit	2026-07-30T11:35:31.2723451Z Initialized empty Git repository in /home/runner/work/flipguard/flipguard/.git/
official-source-replay	Check out exact source commit	2026-07-30T11:35:31.2728954Z [command]/usr/bin/git remote add origin https://github.com/hasslelee/flipguard
official-source-replay	Check out exact source commit	2026-07-30T11:35:31.2757433Z ##[endgroup]
official-source-replay	Check out exact source commit	2026-07-30T11:35:31.2759991Z ##[group]Disabling automatic garbage collection
official-source-replay	Check out exact source commit	2026-07-30T11:35:31.2762585Z [command]/usr/bin/git config --local gc.auto 0
official-source-replay	Check out exact source commit	2026-07-30T11:35:31.2799684Z ##[endgroup]
official-source-replay	Check out exact source commit	2026-07-30T11:35:31.2802228Z ##[group]Setting up auth
official-source-replay	Check out exact source commit	2026-07-30T11:35:31.2807663Z [command]/usr/bin/git config --local --name-only --get-regexp core\.sshCommand
official-source-replay	Check out exact source commit	2026-07-30T11:35:31.2847482Z [command]/usr/bin/git submodule foreach --recursive sh -c "git config --local --name-only --get-regexp 'core\.sshCommand' && git config --local --unset-all 'core.sshCommand' || :"
official-source-replay	Check out exact source commit	2026-07-30T11:35:31.3238383Z [command]/usr/bin/git config --local --name-only --get-regexp http\.https\:\/\/github\.com\/\.extraheader
official-source-replay	Check out exact source commit	2026-07-30T11:35:31.3295224Z [command]/usr/bin/git submodule foreach --recursive sh -c "git config --local --name-only --get-regexp 'http\.https\:\/\/github\.com\/\.extraheader' && git config --local --unset-all 'http.https://github.com/.extraheader' || :"
official-source-replay	Check out exact source commit	2026-07-30T11:35:31.3523372Z [command]/usr/bin/git config --local --name-only --get-regexp ^includeIf\.gitdir:
official-source-replay	Check out exact source commit	2026-07-30T11:35:31.3563635Z [command]/usr/bin/git submodule foreach --recursive git config --local --show-origin --name-only --get-regexp remote.origin.url
official-source-replay	Check out exact source commit	2026-07-30T11:35:31.3789303Z [command]/usr/bin/git config --local http.https://github.com/.extraheader AUTHORIZATION: basic ***
official-source-replay	Check out exact source commit	2026-07-30T11:35:31.3829802Z ##[endgroup]
official-source-replay	Check out exact source commit	2026-07-30T11:35:31.3832803Z ##[group]Fetching the repository
official-source-replay	Check out exact source commit	2026-07-30T11:35:31.3842701Z [command]/usr/bin/git -c protocol.version=2 fetch --prune --no-recurse-submodules origin +refs/heads/*:refs/remotes/origin/* +refs/tags/*:refs/tags/*
official-source-replay	Check out exact source commit	2026-07-30T11:35:32.5589647Z From https://github.com/hasslelee/flipguard
official-source-replay	Check out exact source commit	2026-07-30T11:35:32.5590442Z  * [new branch]      feature/flipguard-auto-tuner -> origin/feature/flipguard-auto-tuner
official-source-replay	Check out exact source commit	2026-07-30T11:35:32.5590983Z  * [new branch]      main       -> origin/main
official-source-replay	Check out exact source commit	2026-07-30T11:35:32.5634573Z [command]/usr/bin/git rev-parse --verify --quiet 5c7f54b6a81da2bea99adbdd33354abb19c2804a^{object}
official-source-replay	Check out exact source commit	2026-07-30T11:35:32.5668461Z 5c7f54b6a81da2bea99adbdd33354abb19c2804a
official-source-replay	Check out exact source commit	2026-07-30T11:35:32.5674244Z ##[endgroup]
official-source-replay	Check out exact source commit	2026-07-30T11:35:32.5675001Z ##[group]Determining the checkout info
official-source-replay	Check out exact source commit	2026-07-30T11:35:32.5676211Z ##[endgroup]
official-source-replay	Check out exact source commit	2026-07-30T11:35:32.5682370Z [command]/usr/bin/git sparse-checkout disable
official-source-replay	Check out exact source commit	2026-07-30T11:35:32.5761840Z [command]/usr/bin/git config --local --unset-all extensions.worktreeConfig
official-source-replay	Check out exact source commit	2026-07-30T11:35:32.5792464Z ##[group]Checking out the ref
official-source-replay	Check out exact source commit	2026-07-30T11:35:32.5797075Z [command]/usr/bin/git checkout --progress --force 5c7f54b6a81da2bea99adbdd33354abb19c2804a
official-source-replay	Check out exact source commit	2026-07-30T11:35:32.9779853Z Note: switching to '5c7f54b6a81da2bea99adbdd33354abb19c2804a'.
official-source-replay	Check out exact source commit	2026-07-30T11:35:32.9781127Z 
official-source-replay	Check out exact source commit	2026-07-30T11:35:32.9783541Z You are in 'detached HEAD' state. You can look around, make experimental
official-source-replay	Check out exact source commit	2026-07-30T11:35:32.9784420Z changes and commit them, and you can discard any commits you make in this
official-source-replay	Check out exact source commit	2026-07-30T11:35:32.9785220Z state without impacting any branches by switching back to a branch.
official-source-replay	Check out exact source commit	2026-07-30T11:35:32.9785712Z 
official-source-replay	Check out exact source commit	2026-07-30T11:35:32.9786022Z If you want to create a new branch to retain commits you create, you may
official-source-replay	Check out exact source commit	2026-07-30T11:35:32.9786847Z do so (now or later) by using -c with the switch command. Example:
official-source-replay	Check out exact source commit	2026-07-30T11:35:32.9787291Z 
official-source-replay	Check out exact source commit	2026-07-30T11:35:32.9787473Z   git switch -c <new-branch-name>
official-source-replay	Check out exact source commit	2026-07-30T11:35:32.9787776Z 
official-source-replay	Check out exact source commit	2026-07-30T11:35:32.9787954Z Or undo this operation with:
official-source-replay	Check out exact source commit	2026-07-30T11:35:32.9788229Z 
official-source-replay	Check out exact source commit	2026-07-30T11:35:32.9788387Z   git switch -
official-source-replay	Check out exact source commit	2026-07-30T11:35:32.9788599Z 
official-source-replay	Check out exact source commit	2026-07-30T11:35:32.9788986Z Turn off this advice by setting config variable advice.detachedHead to false
official-source-replay	Check out exact source commit	2026-07-30T11:35:32.9789531Z 
official-source-replay	Check out exact source commit	2026-07-30T11:35:32.9789808Z HEAD is now at 5c7f54b Extract verified BSDS source for replay
official-source-replay	Check out exact source commit	2026-07-30T11:35:32.9809044Z ##[endgroup]
official-source-replay	Check out exact source commit	2026-07-30T11:35:32.9859981Z [command]/usr/bin/git log -1 --format=%H
official-source-replay	Check out exact source commit	2026-07-30T11:35:32.9891092Z 5c7f54b6a81da2bea99adbdd33354abb19c2804a
official-source-replay	Check out exact source commit	2026-07-30T11:35:32.9900864Z ##[group]Removing auth
official-source-replay	Check out exact source commit	2026-07-30T11:35:32.9904774Z [command]/usr/bin/git config --local --name-only --get-regexp core\.sshCommand
official-source-replay	Check out exact source commit	2026-07-30T11:35:32.9936665Z [command]/usr/bin/git submodule foreach --recursive sh -c "git config --local --name-only --get-regexp 'core\.sshCommand' && git config --local --unset-all 'core.sshCommand' || :"
official-source-replay	Check out exact source commit	2026-07-30T11:35:33.0163724Z [command]/usr/bin/git config --local --name-only --get-regexp http\.https\:\/\/github\.com\/\.extraheader
official-source-replay	Check out exact source commit	2026-07-30T11:35:33.0191564Z http.https://github.com/.extraheader
official-source-replay	Check out exact source commit	2026-07-30T11:35:33.0200216Z [command]/usr/bin/git config --local --unset-all http.https://github.com/.extraheader
official-source-replay	Check out exact source commit	2026-07-30T11:35:33.0235568Z [command]/usr/bin/git submodule foreach --recursive sh -c "git config --local --name-only --get-regexp 'http\.https\:\/\/github\.com\/\.extraheader' && git config --local --unset-all 'http.https://github.com/.extraheader' || :"
official-source-replay	Check out exact source commit	2026-07-30T11:35:33.0459828Z [command]/usr/bin/git config --local --name-only --get-regexp ^includeIf\.gitdir:
official-source-replay	Check out exact source commit	2026-07-30T11:35:33.0498831Z [command]/usr/bin/git submodule foreach --recursive git config --local --show-origin --name-only --get-regexp remote.origin.url
official-source-replay	Check out exact source commit	2026-07-30T11:35:33.0721965Z ##[endgroup]
official-source-replay	Set up Go from go.mod	﻿2026-07-30T11:35:33.0986456Z ##[group]Run actions/setup-go@924ae3a1cded613372ab5595356fb5720e22ba16
official-source-replay	Set up Go from go.mod	2026-07-30T11:35:33.0986886Z with:
official-source-replay	Set up Go from go.mod	2026-07-30T11:35:33.0987093Z   go-version-file: go.mod
official-source-replay	Set up Go from go.mod	2026-07-30T11:35:33.0987328Z   cache: true
official-source-replay	Set up Go from go.mod	2026-07-30T11:35:33.0987530Z   check-latest: false
official-source-replay	Set up Go from go.mod	2026-07-30T11:35:33.0989911Z   token: ***
official-source-replay	Set up Go from go.mod	2026-07-30T11:35:33.0990142Z ##[endgroup]
official-source-replay	Set up Go from go.mod	2026-07-30T11:35:33.2228119Z Setup go version spec 1.25.9
official-source-replay	Set up Go from go.mod	2026-07-30T11:35:33.2240937Z Attempting to download 1.25.9...
official-source-replay	Set up Go from go.mod	2026-07-30T11:35:33.9399924Z matching 1.25.9...
official-source-replay	Set up Go from go.mod	2026-07-30T11:35:33.9446340Z Acquiring 1.25.9 from https://github.com/actions/go-versions/releases/download/1.25.9-24114140790/go-1.25.9-linux-x64.tar.gz
official-source-replay	Set up Go from go.mod	2026-07-30T11:35:34.8215006Z Extracting Go...
official-source-replay	Set up Go from go.mod	2026-07-30T11:35:34.8356875Z [command]/usr/bin/tar xz --warning=no-unknown-keyword --overwrite -C /home/runner/work/_temp/0cd06b5d-8337-4110-b19c-37b3a80d9850 -f /home/runner/work/_temp/60d7cde1-f0c2-47fb-818e-86342e7fadd2
official-source-replay	Set up Go from go.mod	2026-07-30T11:35:36.3356214Z Successfully extracted go to /home/runner/work/_temp/0cd06b5d-8337-4110-b19c-37b3a80d9850
official-source-replay	Set up Go from go.mod	2026-07-30T11:35:36.3356993Z Adding to the cache ...
official-source-replay	Set up Go from go.mod	2026-07-30T11:35:43.7746062Z Successfully cached go to /opt/hostedtoolcache/go/1.25.9/x64
official-source-replay	Set up Go from go.mod	2026-07-30T11:35:43.7746533Z Added go to the path
official-source-replay	Set up Go from go.mod	2026-07-30T11:35:43.7748158Z Successfully set up Go version 1.25.9
official-source-replay	Set up Go from go.mod	2026-07-30T11:35:43.7983625Z [command]/opt/hostedtoolcache/go/1.25.9/x64/bin/go env GOMODCACHE
official-source-replay	Set up Go from go.mod	2026-07-30T11:35:43.8016537Z [command]/opt/hostedtoolcache/go/1.25.9/x64/bin/go env GOCACHE
official-source-replay	Set up Go from go.mod	2026-07-30T11:35:43.8050935Z /home/runner/go/pkg/mod
official-source-replay	Set up Go from go.mod	2026-07-30T11:35:43.8068347Z /home/runner/.cache/go-build
official-source-replay	Set up Go from go.mod	2026-07-30T11:35:44.0415932Z Cache hit for: setup-go-Linux-x64-ubuntu24-go-1.25.9-6aeb210f88c3451cfc600b1fcf5fb96c3e04b4e9d9150d2f223f4fa60ca13683
official-source-replay	Set up Go from go.mod	2026-07-30T11:35:45.2113634Z Received 40840433 of 49229041 (83.0%), 38.9 MBs/sec
official-source-replay	Set up Go from go.mod	2026-07-30T11:35:46.2121827Z Received 40840433 of 49229041 (83.0%), 19.5 MBs/sec
official-source-replay	Set up Go from go.mod	2026-07-30T11:35:47.0304581Z Received 49229041 of 49229041 (100.0%), 16.6 MBs/sec
official-source-replay	Set up Go from go.mod	2026-07-30T11:35:47.0305648Z Cache Size: ~47 MB (49229041 B)
official-source-replay	Set up Go from go.mod	2026-07-30T11:35:47.0410675Z [command]/usr/bin/tar -xf /home/runner/work/_temp/2be185cc-f03b-4e2d-921e-f014ae850bd0/cache.tzst -P -C /home/runner/work/flipguard/flipguard --use-compress-program unzstd
official-source-replay	Set up Go from go.mod	2026-07-30T11:35:47.4182440Z Cache restored successfully
official-source-replay	Set up Go from go.mod	2026-07-30T11:35:47.4212687Z Cache restored from key: setup-go-Linux-x64-ubuntu24-go-1.25.9-6aeb210f88c3451cfc600b1fcf5fb96c3e04b4e9d9150d2f223f4fa60ca13683
official-source-replay	Set up Go from go.mod	2026-07-30T11:35:47.4234975Z go version go1.25.9 linux/amd64
official-source-replay	Set up Go from go.mod	2026-07-30T11:35:47.4235296Z 
official-source-replay	Set up Go from go.mod	2026-07-30T11:35:47.4235763Z ##[group]go env
official-source-replay	Set up Go from go.mod	2026-07-30T11:35:47.4374985Z AR='ar'
official-source-replay	Set up Go from go.mod	2026-07-30T11:35:47.4375360Z CC='gcc'
official-source-replay	Set up Go from go.mod	2026-07-30T11:35:47.4375731Z CGO_CFLAGS='-O2 -g'
official-source-replay	Set up Go from go.mod	2026-07-30T11:35:47.4376129Z CGO_CPPFLAGS=''
official-source-replay	Set up Go from go.mod	2026-07-30T11:35:47.4376506Z CGO_CXXFLAGS='-O2 -g'
official-source-replay	Set up Go from go.mod	2026-07-30T11:35:47.4376905Z CGO_ENABLED='1'
official-source-replay	Set up Go from go.mod	2026-07-30T11:35:47.4377269Z CGO_FFLAGS='-O2 -g'
official-source-replay	Set up Go from go.mod	2026-07-30T11:35:47.4377641Z CGO_LDFLAGS='-O2 -g'
official-source-replay	Set up Go from go.mod	2026-07-30T11:35:47.4377991Z CXX='g++'
official-source-replay	Set up Go from go.mod	2026-07-30T11:35:47.4378312Z GCCGO='gccgo'
official-source-replay	Set up Go from go.mod	2026-07-30T11:35:47.4378666Z GO111MODULE=''
official-source-replay	Set up Go from go.mod	2026-07-30T11:35:47.4379003Z GOAMD64='v1'
official-source-replay	Set up Go from go.mod	2026-07-30T11:35:47.4379325Z GOARCH='amd64'
official-source-replay	Set up Go from go.mod	2026-07-30T11:35:47.4379647Z GOAUTH='netrc'
official-source-replay	Set up Go from go.mod	2026-07-30T11:35:47.4379964Z GOBIN=''
official-source-replay	Set up Go from go.mod	2026-07-30T11:35:47.4380319Z GOCACHE='/home/runner/.cache/go-build'
official-source-replay	Set up Go from go.mod	2026-07-30T11:35:47.4380774Z GOCACHEPROG=''
official-source-replay	Set up Go from go.mod	2026-07-30T11:35:47.4381047Z GODEBUG=''
official-source-replay	Set up Go from go.mod	2026-07-30T11:35:47.4381276Z GOENV='/home/runner/.config/go/env'
official-source-replay	Set up Go from go.mod	2026-07-30T11:35:47.4381548Z GOEXE=''
official-source-replay	Set up Go from go.mod	2026-07-30T11:35:47.4382015Z GOEXPERIMENT=''
official-source-replay	Set up Go from go.mod	2026-07-30T11:35:47.4382237Z GOFIPS140='off'
official-source-replay	Set up Go from go.mod	2026-07-30T11:35:47.4382454Z GOFLAGS=''
official-source-replay	Set up Go from go.mod	2026-07-30T11:35:47.4383131Z GOGCCFLAGS='-fPIC -m64 -pthread -Wl,--no-gc-sections -fmessage-length=0 -ffile-prefix-map=/tmp/go-build2249835888=/tmp/go-build -gno-record-gcc-switches'
official-source-replay	Set up Go from go.mod	2026-07-30T11:35:47.4383834Z GOHOSTARCH='amd64'
official-source-replay	Set up Go from go.mod	2026-07-30T11:35:47.4384060Z GOHOSTOS='linux'
official-source-replay	Set up Go from go.mod	2026-07-30T11:35:47.4384270Z GOINSECURE=''
official-source-replay	Set up Go from go.mod	2026-07-30T11:35:47.4384585Z GOMOD='/home/runner/work/flipguard/flipguard/go.mod'
official-source-replay	Set up Go from go.mod	2026-07-30T11:35:47.4384934Z GOMODCACHE='/home/runner/go/pkg/mod'
official-source-replay	Set up Go from go.mod	2026-07-30T11:35:47.4385472Z GONOPROXY=''
official-source-replay	Set up Go from go.mod	2026-07-30T11:35:47.4385672Z GONOSUMDB=''
official-source-replay	Set up Go from go.mod	2026-07-30T11:35:47.4385866Z GOOS='linux'
official-source-replay	Set up Go from go.mod	2026-07-30T11:35:47.4386074Z GOPATH='/home/runner/go'
official-source-replay	Set up Go from go.mod	2026-07-30T11:35:47.4386312Z GOPRIVATE=''
official-source-replay	Set up Go from go.mod	2026-07-30T11:35:47.4386567Z GOPROXY='https://proxy.golang.org,direct'
official-source-replay	Set up Go from go.mod	2026-07-30T11:35:47.4386905Z GOROOT='/opt/hostedtoolcache/go/1.25.9/x64'
official-source-replay	Set up Go from go.mod	2026-07-30T11:35:47.4387212Z GOSUMDB='sum.golang.org'
official-source-replay	Set up Go from go.mod	2026-07-30T11:35:47.4387453Z GOTELEMETRY='local'
official-source-replay	Set up Go from go.mod	2026-07-30T11:35:47.4387725Z GOTELEMETRYDIR='/home/runner/.config/go/telemetry'
official-source-replay	Set up Go from go.mod	2026-07-30T11:35:47.4388052Z GOTMPDIR=''
official-source-replay	Set up Go from go.mod	2026-07-30T11:35:47.4388260Z GOTOOLCHAIN='local'
official-source-replay	Set up Go from go.mod	2026-07-30T11:35:47.4388588Z GOTOOLDIR='/opt/hostedtoolcache/go/1.25.9/x64/pkg/tool/linux_amd64'
official-source-replay	Set up Go from go.mod	2026-07-30T11:35:47.4388966Z GOVCS=''
official-source-replay	Set up Go from go.mod	2026-07-30T11:35:47.4389164Z GOVERSION='go1.25.9'
official-source-replay	Set up Go from go.mod	2026-07-30T11:35:47.4389380Z GOWORK=''
official-source-replay	Set up Go from go.mod	2026-07-30T11:35:47.4389615Z PKG_CONFIG='pkg-config'
official-source-replay	Set up Go from go.mod	2026-07-30T11:35:47.4389761Z 
official-source-replay	Set up Go from go.mod	2026-07-30T11:35:47.4390030Z ##[endgroup]
official-source-replay	Set up Python 3.12	﻿2026-07-30T11:35:47.4600758Z ##[group]Run actions/setup-python@ece7cb06caefa5fff74198d8649806c4678c61a1
official-source-replay	Set up Python 3.12	2026-07-30T11:35:47.4601184Z with:
official-source-replay	Set up Python 3.12	2026-07-30T11:35:47.4601385Z   python-version: 3.12
official-source-replay	Set up Python 3.12	2026-07-30T11:35:47.4601601Z   cache: pip
official-source-replay	Set up Python 3.12	2026-07-30T11:35:47.4602214Z   cache-dependency-path: requirements-ci.txt
official-source-replay	Set up Python 3.12	2026-07-30T11:35:47.4602526Z   check-latest: false
official-source-replay	Set up Python 3.12	2026-07-30T11:35:47.4604930Z   token: ***
official-source-replay	Set up Python 3.12	2026-07-30T11:35:47.4605139Z   update-environment: true
official-source-replay	Set up Python 3.12	2026-07-30T11:35:47.4605389Z   allow-prereleases: false
official-source-replay	Set up Python 3.12	2026-07-30T11:35:47.4605631Z   freethreaded: false
official-source-replay	Set up Python 3.12	2026-07-30T11:35:47.4606027Z env:
official-source-replay	Set up Python 3.12	2026-07-30T11:35:47.4606210Z   GOTOOLCHAIN: local
official-source-replay	Set up Python 3.12	2026-07-30T11:35:47.4606412Z ##[endgroup]
official-source-replay	Set up Python 3.12	2026-07-30T11:35:47.5892142Z ##[group]Installed versions
official-source-replay	Set up Python 3.12	2026-07-30T11:35:47.6267142Z Successfully set up CPython (3.12.13)
official-source-replay	Set up Python 3.12	2026-07-30T11:35:47.6268009Z ##[endgroup]
official-source-replay	Set up Python 3.12	2026-07-30T11:35:47.6666076Z [command]/opt/hostedtoolcache/Python/3.12.13/x64/bin/pip cache dir
official-source-replay	Set up Python 3.12	2026-07-30T11:35:48.9815353Z /home/runner/.cache/pip
official-source-replay	Set up Python 3.12	2026-07-30T11:35:49.1385653Z Cache hit for: setup-python-Linux-x64-24.04-Ubuntu-python-3.12.13-pip-69b6c2c503626946b8784e35cfc2ea24980ad255375cc8a99be888e73f0ce5e6
official-source-replay	Set up Python 3.12	2026-07-30T11:35:49.7618124Z Received 4950245 of 4950245 (100.0%), 9.5 MBs/sec
official-source-replay	Set up Python 3.12	2026-07-30T11:35:49.7618570Z Cache Size: ~5 MB (4950245 B)
official-source-replay	Set up Python 3.12	2026-07-30T11:35:49.7648796Z [command]/usr/bin/tar -xf /home/runner/work/_temp/34ca5ab3-6023-4cbd-8584-2c474c28244f/cache.tzst -P -C /home/runner/work/flipguard/flipguard --use-compress-program unzstd
official-source-replay	Set up Python 3.12	2026-07-30T11:35:49.7776677Z Cache restored successfully
official-source-replay	Set up Python 3.12	2026-07-30T11:35:49.7783382Z Cache restored from key: setup-python-Linux-x64-24.04-Ubuntu-python-3.12.13-pip-69b6c2c503626946b8784e35cfc2ea24980ad255375cc8a99be888e73f0ce5e6
official-source-replay	Install pinned Python dependencies	﻿2026-07-30T11:35:49.7909280Z ##[group]Run set -euo pipefail
official-source-replay	Install pinned Python dependencies	2026-07-30T11:35:49.7909655Z [36;1mset -euo pipefail[0m
official-source-replay	Install pinned Python dependencies	2026-07-30T11:35:49.7910017Z [36;1mpython3 -m pip install --requirement requirements-ci.txt[0m
official-source-replay	Install pinned Python dependencies	2026-07-30T11:35:49.7959319Z shell: /usr/bin/bash --noprofile --norc -e -o pipefail {0}
official-source-replay	Install pinned Python dependencies	2026-07-30T11:35:49.7959691Z env:
official-source-replay	Install pinned Python dependencies	2026-07-30T11:35:49.7959894Z   GOTOOLCHAIN: local
official-source-replay	Install pinned Python dependencies	2026-07-30T11:35:49.7960193Z   pythonLocation: /opt/hostedtoolcache/Python/3.12.13/x64
official-source-replay	Install pinned Python dependencies	2026-07-30T11:35:49.7960641Z   PKG_CONFIG_PATH: /opt/hostedtoolcache/Python/3.12.13/x64/lib/pkgconfig
official-source-replay	Install pinned Python dependencies	2026-07-30T11:35:49.7961085Z   Python_ROOT_DIR: /opt/hostedtoolcache/Python/3.12.13/x64
official-source-replay	Install pinned Python dependencies	2026-07-30T11:35:49.7961491Z   Python2_ROOT_DIR: /opt/hostedtoolcache/Python/3.12.13/x64
official-source-replay	Install pinned Python dependencies	2026-07-30T11:35:49.7962190Z   Python3_ROOT_DIR: /opt/hostedtoolcache/Python/3.12.13/x64
official-source-replay	Install pinned Python dependencies	2026-07-30T11:35:49.7962627Z   LD_LIBRARY_PATH: /opt/hostedtoolcache/Python/3.12.13/x64/lib
official-source-replay	Install pinned Python dependencies	2026-07-30T11:35:49.7962968Z ##[endgroup]
official-source-replay	Install pinned Python dependencies	2026-07-30T11:35:51.3103039Z Collecting Pillow==10.2.0 (from -r requirements-ci.txt (line 1))
official-source-replay	Install pinned Python dependencies	2026-07-30T11:35:51.3118853Z   Using cached pillow-10.2.0-cp312-cp312-manylinux_2_28_x86_64.whl.metadata (9.7 kB)
official-source-replay	Install pinned Python dependencies	2026-07-30T11:35:51.3173150Z Using cached pillow-10.2.0-cp312-cp312-manylinux_2_28_x86_64.whl (4.5 MB)
official-source-replay	Install pinned Python dependencies	2026-07-30T11:35:51.3857279Z Installing collected packages: Pillow
official-source-replay	Install pinned Python dependencies	2026-07-30T11:35:51.6605112Z Successfully installed Pillow-10.2.0
official-source-replay	Install pinned Python dependencies	2026-07-30T11:35:51.6615711Z 
official-source-replay	Install pinned Python dependencies	2026-07-30T11:35:51.6616169Z [notice] A new release of pip is available: 26.1.2 -> 26.2
official-source-replay	Install pinned Python dependencies	2026-07-30T11:35:51.6616868Z [notice] To update, run: pip install --upgrade pip
official-source-replay	Fetch byte-pinned official sources	﻿2026-07-30T11:35:51.7084250Z ##[group]Run set -euo pipefail
official-source-replay	Fetch byte-pinned official sources	2026-07-30T11:35:51.7084596Z [36;1mset -euo pipefail[0m
official-source-replay	Fetch byte-pinned official sources	2026-07-30T11:35:51.7084896Z [36;1mmkdir -p /tmp/flipguard-external-source[0m
official-source-replay	Fetch byte-pinned official sources	2026-07-30T11:35:51.7085283Z [36;1mpython3 scripts/fetch_external_source_inputs.py \[0m
official-source-replay	Fetch byte-pinned official sources	2026-07-30T11:35:51.7085704Z [36;1m  --output /tmp/flipguard-external-source/fetch.json[0m
official-source-replay	Fetch byte-pinned official sources	2026-07-30T11:35:51.7130316Z shell: /usr/bin/bash --noprofile --norc -e -o pipefail {0}
official-source-replay	Fetch byte-pinned official sources	2026-07-30T11:35:51.7130670Z env:
official-source-replay	Fetch byte-pinned official sources	2026-07-30T11:35:51.7130867Z   GOTOOLCHAIN: local
official-source-replay	Fetch byte-pinned official sources	2026-07-30T11:35:51.7131163Z   pythonLocation: /opt/hostedtoolcache/Python/3.12.13/x64
official-source-replay	Fetch byte-pinned official sources	2026-07-30T11:35:51.7131883Z   PKG_CONFIG_PATH: /opt/hostedtoolcache/Python/3.12.13/x64/lib/pkgconfig
official-source-replay	Fetch byte-pinned official sources	2026-07-30T11:35:51.7132361Z   Python_ROOT_DIR: /opt/hostedtoolcache/Python/3.12.13/x64
official-source-replay	Fetch byte-pinned official sources	2026-07-30T11:35:51.7132748Z   Python2_ROOT_DIR: /opt/hostedtoolcache/Python/3.12.13/x64
official-source-replay	Fetch byte-pinned official sources	2026-07-30T11:35:51.7133137Z   Python3_ROOT_DIR: /opt/hostedtoolcache/Python/3.12.13/x64
official-source-replay	Fetch byte-pinned official sources	2026-07-30T11:35:51.7133522Z   LD_LIBRARY_PATH: /opt/hostedtoolcache/Python/3.12.13/x64/lib
official-source-replay	Fetch byte-pinned official sources	2026-07-30T11:35:51.7133886Z ##[endgroup]
official-source-replay	Fetch byte-pinned official sources	2026-07-30T11:35:58.2308128Z external_source_fetch=PASS sources=2
official-source-replay	Run external source replay	﻿2026-07-30T11:35:58.2493892Z ##[group]Run set -euo pipefail
official-source-replay	Run external source replay	2026-07-30T11:35:58.2494404Z [36;1mset -euo pipefail[0m
official-source-replay	Run external source replay	2026-07-30T11:35:58.2494718Z [36;1mpython3 scripts/run_external_source_replay.py \[0m
official-source-replay	Run external source replay	2026-07-30T11:35:58.2495166Z [36;1m  --source-commit "5c7f54b6a81da2bea99adbdd33354abb19c2804a" \[0m
official-source-replay	Run external source replay	2026-07-30T11:35:58.2495656Z [36;1m  --fetch-manifest /tmp/flipguard-external-source/fetch.json \[0m
official-source-replay	Run external source replay	2026-07-30T11:35:58.2496080Z [36;1m  --output /tmp/flipguard-external-source/replay[0m
official-source-replay	Run external source replay	2026-07-30T11:35:58.2540427Z shell: /usr/bin/bash --noprofile --norc -e -o pipefail {0}
official-source-replay	Run external source replay	2026-07-30T11:35:58.2540779Z env:
official-source-replay	Run external source replay	2026-07-30T11:35:58.2540978Z   GOTOOLCHAIN: local
official-source-replay	Run external source replay	2026-07-30T11:35:58.2541289Z   pythonLocation: /opt/hostedtoolcache/Python/3.12.13/x64
official-source-replay	Run external source replay	2026-07-30T11:35:58.2541986Z   PKG_CONFIG_PATH: /opt/hostedtoolcache/Python/3.12.13/x64/lib/pkgconfig
official-source-replay	Run external source replay	2026-07-30T11:35:58.2542430Z   Python_ROOT_DIR: /opt/hostedtoolcache/Python/3.12.13/x64
official-source-replay	Run external source replay	2026-07-30T11:35:58.2542815Z   Python2_ROOT_DIR: /opt/hostedtoolcache/Python/3.12.13/x64
official-source-replay	Run external source replay	2026-07-30T11:35:58.2543247Z   Python3_ROOT_DIR: /opt/hostedtoolcache/Python/3.12.13/x64
official-source-replay	Run external source replay	2026-07-30T11:35:58.2543642Z   LD_LIBRARY_PATH: /opt/hostedtoolcache/Python/3.12.13/x64/lib
official-source-replay	Run external source replay	2026-07-30T11:35:58.2543973Z ##[endgroup]
official-source-replay	Run external source replay	2026-07-30T11:36:27.0983817Z external_source_replay=PASS checks=8 output=/tmp/flipguard-external-source/replay
official-source-replay	Verify external source replay	﻿2026-07-30T11:36:27.1091003Z ##[group]Run set -euo pipefail
official-source-replay	Verify external source replay	2026-07-30T11:36:27.1091329Z [36;1mset -euo pipefail[0m
official-source-replay	Verify external source replay	2026-07-30T11:36:27.1091954Z [36;1mpython3 scripts/verify_external_source_replay.py \[0m
official-source-replay	Verify external source replay	2026-07-30T11:36:27.1092443Z [36;1m  --source-commit "5c7f54b6a81da2bea99adbdd33354abb19c2804a" \[0m
official-source-replay	Verify external source replay	2026-07-30T11:36:27.1092894Z [36;1m  --result-dir /tmp/flipguard-external-source/replay[0m
official-source-replay	Verify external source replay	2026-07-30T11:36:27.1137120Z shell: /usr/bin/bash --noprofile --norc -e -o pipefail {0}
official-source-replay	Verify external source replay	2026-07-30T11:36:27.1137468Z env:
official-source-replay	Verify external source replay	2026-07-30T11:36:27.1137662Z   GOTOOLCHAIN: local
official-source-replay	Verify external source replay	2026-07-30T11:36:27.1137963Z   pythonLocation: /opt/hostedtoolcache/Python/3.12.13/x64
official-source-replay	Verify external source replay	2026-07-30T11:36:27.1138401Z   PKG_CONFIG_PATH: /opt/hostedtoolcache/Python/3.12.13/x64/lib/pkgconfig
official-source-replay	Verify external source replay	2026-07-30T11:36:27.1138839Z   Python_ROOT_DIR: /opt/hostedtoolcache/Python/3.12.13/x64
official-source-replay	Verify external source replay	2026-07-30T11:36:27.1139217Z   Python2_ROOT_DIR: /opt/hostedtoolcache/Python/3.12.13/x64
official-source-replay	Verify external source replay	2026-07-30T11:36:27.1139615Z   Python3_ROOT_DIR: /opt/hostedtoolcache/Python/3.12.13/x64
official-source-replay	Verify external source replay	2026-07-30T11:36:27.1140034Z   LD_LIBRARY_PATH: /opt/hostedtoolcache/Python/3.12.13/x64/lib
official-source-replay	Verify external source replay	2026-07-30T11:36:27.1140361Z ##[endgroup]
official-source-replay	Verify external source replay	2026-07-30T11:36:27.1580747Z external_source_replay=VERIFIED checks=8
official-source-replay	Upload source replay artifact	﻿2026-07-30T11:36:27.1681182Z Node 20 is being deprecated. This workflow is running with Node 24 by default. If you need to temporarily use Node 20, you can set the ACTIONS_ALLOW_USE_UNSECURE_NODE_VERSION=true environment variable. For more information see: https://github.blog/changelog/2025-09-19-deprecation-of-node-20-on-github-actions-runners/
official-source-replay	Upload source replay artifact	2026-07-30T11:36:27.1682994Z ##[group]Run actions/upload-artifact@ea165f8d65b6e75b540449e92b4886f43607fa02
official-source-replay	Upload source replay artifact	2026-07-30T11:36:27.1683400Z with:
official-source-replay	Upload source replay artifact	2026-07-30T11:36:27.1683633Z   name: flipguard-external-source-replay
official-source-replay	Upload source replay artifact	2026-07-30T11:36:27.1683974Z   path: /tmp/flipguard-external-source/replay
official-source-replay	Upload source replay artifact	2026-07-30T11:36:27.1684282Z   if-no-files-found: error
official-source-replay	Upload source replay artifact	2026-07-30T11:36:27.1684527Z   retention-days: 30
official-source-replay	Upload source replay artifact	2026-07-30T11:36:27.1684749Z   compression-level: 6
official-source-replay	Upload source replay artifact	2026-07-30T11:36:27.1684965Z   overwrite: false
official-source-replay	Upload source replay artifact	2026-07-30T11:36:27.1685184Z   include-hidden-files: false
official-source-replay	Upload source replay artifact	2026-07-30T11:36:27.1685426Z env:
official-source-replay	Upload source replay artifact	2026-07-30T11:36:27.1685612Z   GOTOOLCHAIN: local
official-source-replay	Upload source replay artifact	2026-07-30T11:36:27.1685889Z   pythonLocation: /opt/hostedtoolcache/Python/3.12.13/x64
official-source-replay	Upload source replay artifact	2026-07-30T11:36:27.1686355Z   PKG_CONFIG_PATH: /opt/hostedtoolcache/Python/3.12.13/x64/lib/pkgconfig
official-source-replay	Upload source replay artifact	2026-07-30T11:36:27.1686777Z   Python_ROOT_DIR: /opt/hostedtoolcache/Python/3.12.13/x64
official-source-replay	Upload source replay artifact	2026-07-30T11:36:27.1687166Z   Python2_ROOT_DIR: /opt/hostedtoolcache/Python/3.12.13/x64
official-source-replay	Upload source replay artifact	2026-07-30T11:36:27.1687555Z   Python3_ROOT_DIR: /opt/hostedtoolcache/Python/3.12.13/x64
official-source-replay	Upload source replay artifact	2026-07-30T11:36:27.1687941Z   LD_LIBRARY_PATH: /opt/hostedtoolcache/Python/3.12.13/x64/lib
official-source-replay	Upload source replay artifact	2026-07-30T11:36:27.1688269Z ##[endgroup]
official-source-replay	Upload source replay artifact	2026-07-30T11:36:27.3359918Z (node:2582) [DEP0040] DeprecationWarning: The `punycode` module is deprecated. Please use a userland alternative instead.
official-source-replay	Upload source replay artifact	2026-07-30T11:36:27.3361598Z (Use `node --trace-deprecation ...` to show where the warning was created)
official-source-replay	Upload source replay artifact	2026-07-30T11:36:27.3460634Z With the provided path, there will be 19 files uploaded
official-source-replay	Upload source replay artifact	2026-07-30T11:36:27.3465999Z Artifact name is valid!
official-source-replay	Upload source replay artifact	2026-07-30T11:36:27.3466832Z Root directory input is valid!
official-source-replay	Upload source replay artifact	2026-07-30T11:36:27.5634060Z Beginning upload of artifact content to blob storage
official-source-replay	Upload source replay artifact	2026-07-30T11:36:27.6036941Z (node:2582) [DEP0169] DeprecationWarning: `url.parse()` behavior is not standardized and prone to errors that have security implications. Use the WHATWG URL API instead. CVEs are not issued for `url.parse()` vulnerabilities.
official-source-replay	Upload source replay artifact	2026-07-30T11:36:27.7851893Z Uploaded bytes 6633
official-source-replay	Upload source replay artifact	2026-07-30T11:36:27.8393284Z Finished uploading artifact content to blob storage!
official-source-replay	Upload source replay artifact	2026-07-30T11:36:27.8394494Z SHA256 digest of uploaded artifact zip is 19b22ad02bd8df4f00cceac1d6cf36cf41afbd29d6141cc8b3cc160c39e7c492
official-source-replay	Upload source replay artifact	2026-07-30T11:36:27.8402457Z Finalizing artifact upload
official-source-replay	Upload source replay artifact	2026-07-30T11:36:28.0320454Z Artifact flipguard-external-source-replay.zip successfully finalized. Artifact ID 8757945659
official-source-replay	Upload source replay artifact	2026-07-30T11:36:28.0322320Z Artifact flipguard-external-source-replay has been successfully uploaded! Final size is 6633 bytes. Artifact ID is 8757945659
official-source-replay	Upload source replay artifact	2026-07-30T11:36:28.0328594Z Artifact download URL: https://github.com/hasslelee/flipguard/actions/runs/30539143968/artifacts/8757945659
official-source-replay	Enforce source replay result	﻿2026-07-30T11:36:28.0449882Z ##[group]Run set -euo pipefail
official-source-replay	Enforce source replay result	2026-07-30T11:36:28.0450206Z [36;1mset -euo pipefail[0m
official-source-replay	Enforce source replay result	2026-07-30T11:36:28.0450476Z [36;1mtest "success" = "success"[0m
official-source-replay	Enforce source replay result	2026-07-30T11:36:28.0450756Z [36;1mtest "success" = "success"[0m
official-source-replay	Enforce source replay result	2026-07-30T11:36:28.0495266Z shell: /usr/bin/bash --noprofile --norc -e -o pipefail {0}
official-source-replay	Enforce source replay result	2026-07-30T11:36:28.0495620Z env:
official-source-replay	Enforce source replay result	2026-07-30T11:36:28.0495824Z   GOTOOLCHAIN: local
official-source-replay	Enforce source replay result	2026-07-30T11:36:28.0496126Z   pythonLocation: /opt/hostedtoolcache/Python/3.12.13/x64
official-source-replay	Enforce source replay result	2026-07-30T11:36:28.0496605Z   PKG_CONFIG_PATH: /opt/hostedtoolcache/Python/3.12.13/x64/lib/pkgconfig
official-source-replay	Enforce source replay result	2026-07-30T11:36:28.0497046Z   Python_ROOT_DIR: /opt/hostedtoolcache/Python/3.12.13/x64
official-source-replay	Enforce source replay result	2026-07-30T11:36:28.0497439Z   Python2_ROOT_DIR: /opt/hostedtoolcache/Python/3.12.13/x64
official-source-replay	Enforce source replay result	2026-07-30T11:36:28.0497826Z   Python3_ROOT_DIR: /opt/hostedtoolcache/Python/3.12.13/x64
official-source-replay	Enforce source replay result	2026-07-30T11:36:28.0498225Z   LD_LIBRARY_PATH: /opt/hostedtoolcache/Python/3.12.13/x64/lib
official-source-replay	Enforce source replay result	2026-07-30T11:36:28.0498557Z ##[endgroup]
official-source-replay	Post Set up Python 3.12	﻿2026-07-30T11:36:28.0641033Z Post job cleanup.
official-source-replay	Post Set up Python 3.12	2026-07-30T11:36:28.1870147Z Cache hit occurred on the primary key setup-python-Linux-x64-24.04-Ubuntu-python-3.12.13-pip-69b6c2c503626946b8784e35cfc2ea24980ad255375cc8a99be888e73f0ce5e6, not saving cache.
official-source-replay	Post Set up Go from go.mod	﻿2026-07-30T11:36:28.2021331Z Post job cleanup.
official-source-replay	Post Set up Go from go.mod	2026-07-30T11:36:28.3257984Z [command]/opt/hostedtoolcache/go/1.25.9/x64/bin/go env GOMODCACHE
official-source-replay	Post Set up Go from go.mod	2026-07-30T11:36:28.3306860Z [command]/opt/hostedtoolcache/go/1.25.9/x64/bin/go env GOCACHE
official-source-replay	Post Set up Go from go.mod	2026-07-30T11:36:28.3335634Z /home/runner/go/pkg/mod
official-source-replay	Post Set up Go from go.mod	2026-07-30T11:36:28.3363282Z /home/runner/.cache/go-build
official-source-replay	Post Set up Go from go.mod	2026-07-30T11:36:28.3368195Z Cache hit occurred on the primary key setup-go-Linux-x64-ubuntu24-go-1.25.9-6aeb210f88c3451cfc600b1fcf5fb96c3e04b4e9d9150d2f223f4fa60ca13683, not saving cache.
official-source-replay	Post Check out exact source commit	﻿2026-07-30T11:36:28.3523024Z Post job cleanup.
official-source-replay	Post Check out exact source commit	2026-07-30T11:36:28.4410742Z [command]/usr/bin/git version
official-source-replay	Post Check out exact source commit	2026-07-30T11:36:28.4455281Z git version 2.54.0
official-source-replay	Post Check out exact source commit	2026-07-30T11:36:28.4498796Z Temporarily overriding HOME='/home/runner/work/_temp/a6fd85fb-7bd8-42c5-b525-333d1ea8af57' before making global git config changes
official-source-replay	Post Check out exact source commit	2026-07-30T11:36:28.4500073Z Adding repository directory to the temporary git global config as a safe directory
official-source-replay	Post Check out exact source commit	2026-07-30T11:36:28.4505049Z [command]/usr/bin/git config --global --add safe.directory /home/runner/work/flipguard/flipguard
official-source-replay	Post Check out exact source commit	2026-07-30T11:36:28.4546800Z [command]/usr/bin/git config --local --name-only --get-regexp core\.sshCommand
official-source-replay	Post Check out exact source commit	2026-07-30T11:36:28.4604097Z [command]/usr/bin/git submodule foreach --recursive sh -c "git config --local --name-only --get-regexp 'core\.sshCommand' && git config --local --unset-all 'core.sshCommand' || :"
official-source-replay	Post Check out exact source commit	2026-07-30T11:36:28.4888019Z [command]/usr/bin/git config --local --name-only --get-regexp http\.https\:\/\/github\.com\/\.extraheader
official-source-replay	Post Check out exact source commit	2026-07-30T11:36:28.4934443Z [command]/usr/bin/git submodule foreach --recursive sh -c "git config --local --name-only --get-regexp 'http\.https\:\/\/github\.com\/\.extraheader' && git config --local --unset-all 'http.https://github.com/.extraheader' || :"
official-source-replay	Post Check out exact source commit	2026-07-30T11:36:28.5229577Z [command]/usr/bin/git config --local --name-only --get-regexp ^includeIf\.gitdir:
official-source-replay	Post Check out exact source commit	2026-07-30T11:36:28.5266177Z [command]/usr/bin/git submodule foreach --recursive git config --local --show-origin --name-only --get-regexp remote.origin.url
official-source-replay	Complete job	﻿2026-07-30T11:36:28.5749448Z Cleaning up orphan processes
official-source-replay	Complete job	2026-07-30T11:36:28.6282498Z ##[warning]Node.js 20 is deprecated. The following actions target Node.js 20 but are being forced to run on Node.js 24: actions/upload-artifact@ea165f8d65b6e75b540449e92b4886f43607fa02. For more information see: https://github.blog/changelog/2025-09-19-deprecation-of-node-20-on-github-actions-runners/
